/Users/goraya/AJ/Github OOS/LeaseLens/.venv/lib/python3.11/site-packages/requests/__init__.py:113: RequestsDependencyWarning: urllib3 (2.7.0) or chardet (7.6.0)/charset_normalizer (3.5.1) doesn't match a supported version!
  warnings.warn(
Some weights of the model checkpoint at dslim/bert-base-NER were not used when initializing BertForTokenClassification: ['bert.pooler.dense.bias', 'bert.pooler.dense.weight']
- This IS expected if you are initializing BertForTokenClassification from the checkpoint of a model trained on another task or with another architecture (e.g. initializing a BertForSequenceClassification model from a BertForPreTraining model).
- This IS NOT expected if you are initializing BertForTokenClassification from the checkpoint of a model that you expect to be exactly identical (initializing a BertForSequenceClassification model from a BertForSequenceClassification model).
Hardware accelerator e.g. GPU is available in the environment, but no `device` argument is passed to the `Pipeline` object. Model will be on CPU.
regex_baseline edgar_0000024741_000120677424000271_glw4309191-ex103
regex_baseline edgar_0000029332_000002933224000020_ex10-53leaseagreementbetwe
regex_baseline edgar_0000768835_000076883523000091_ex102biglotslease
regex_baseline edgar_0000879911_000121390023051014_ea180790ex10-1-applied
regex_baseline edgar_0000879911_000121390023051617_ea180931ex10-1-applied
regex_baseline edgar_0000895464_000164033423000632_yubo-ex101
regex_baseline edgar_0000899923_000089992324000018_phasei-leaseterminationagr
regex_baseline edgar_0000899923_000089992324000018_phaseii-leaseterminationag
regex_baseline edgar_0001017303_000114036124013040_ef20015290-ex10-16
regex_baseline edgar_0001040161_000104016124000010_sanjoseleaseamendmentex1019
regex_baseline edgar_0001074828_000165495422016732_knwn-ex1031
regex_baseline edgar_0001075531_000107553122000046_saleleasebackspaexredacted
regex_baseline edgar_0001095315_000109531522000095_freeportlease-pfswebexecut
regex_baseline edgar_0001131312_000121390024024404_f10k2023ex10-4-zionoil
regex_baseline edgar_0001279620_000121390022077621_ea169621ex10-3-zonedpro
regex_baseline edgar_0001279620_000121390023039488_f10q0323ex10-4-zonedprop
regex_baseline edgar_0001350102_000121390023031708_ea177087ex10-2-ascentsolar
regex_baseline edgar_0001365388_000154812323000082_ex10-26
regex_baseline edgar_0001376339_000137633924000009_a102d-20240126leasefourtha
regex_baseline edgar_0001391135_000109690623000958_lsfp-ex10z77
regex_baseline edgar_0001391135_000109690624000671_lsfp-ex1089
regex_baseline edgar_0001398805_000168316824001808_beam-ex1001
regex_baseline edgar_0001400891_000140089123000029_amendment3toaircraftleasea
regex_baseline edgar_0001415813_000168316823004406_unmonde-ex1004
regex_baseline edgar_0001450704_000168316822008581_vivakor-ex1001
regex_baseline edgar_0001453687_000145368724000036_exhibit1011aleaseagreement
regex_baseline edgar_0001453687_000145368724000036_exhibit1012leasebetween749
regex_baseline edgar_0001551986_000155198622000102_ex-1019meterslease
regex_baseline edgar_0001553264_000168316822008699_aquapower-ex1011
regex_baseline edgar_0001617553_000161755322000054_ex101terminationofleaseagr
regex_baseline edgar_0001650164_000165016423000159_ex101toastleasetermination
regex_baseline edgar_0001689375_000168937524000016_ex1014entrada-idbleaseagre
regex_baseline edgar_0001708176_000121390022070683_ea168341ex10-2-halloffame
regex_baseline edgar_0001708176_000121390024018617_ea0200951ex10-4-halloffame
regex_baseline edgar_0001710583_000171058322000046_ninthamendmenttoleasedated
regex_baseline edgar_0001807893_000107997324000379_ex10x7
regex_baseline edgar_0001823239_000182323924000032_aex1016xflandersleaseamend
regex_baseline edgar_0001823239_000182323924000032_aex1017xflandersleaseamend
regex_baseline edgar_0001832483_000121390024018566_ea0200355ex10-16-serverobot
regex_baseline edgar_0001841425_000121390024027258_ea020147501ex10-22-verde
regex_baseline edgar_0001872525_000121390023044681_ea179615ex10-1-stranandco
regex_baseline edgar_0001899287_000189928723000037_leaseagreementdatedapril15
-- regex_baseline: 42 docs, ungrounded rate 0.0% (0/174 non-null values)
ner_hybrid edgar_0000024741_000120677424000271_glw4309191-ex103
ner_hybrid edgar_0000029332_000002933224000020_ex10-53leaseagreementbetwe
ner_hybrid edgar_0000768835_000076883523000091_ex102biglotslease
ner_hybrid edgar_0000879911_000121390023051014_ea180790ex10-1-applied
ner_hybrid edgar_0000879911_000121390023051617_ea180931ex10-1-applied
ner_hybrid edgar_0000895464_000164033423000632_yubo-ex101
ner_hybrid edgar_0000899923_000089992324000018_phasei-leaseterminationagr
ner_hybrid edgar_0000899923_000089992324000018_phaseii-leaseterminationag
ner_hybrid edgar_0001017303_000114036124013040_ef20015290-ex10-16
